// Jest Snapshot v1, https://goo.gl/fbAQLP

exports[`Chart component should render correctly 1`] = `
<DocumentFragment>
  <h2
    class="MuiTypography-root MuiTypography-h6 MuiTypography-colorPrimary MuiTypography-gutterBottom"
  >
    Results
  </h2>
  <div
    class="makeStyles-root-2"
  >
    <div
      class="MuiCircularProgress-root MuiCircularProgress-colorPrimary MuiCircularProgress-indeterminate"
      role="progressbar"
      style="width: 40px; height: 40px;"
    >
      <svg
        class="MuiCircularProgress-svg"
        viewBox="22 22 44 44"
      >
        <circle
          class="MuiCircularProgress-circle MuiCircularProgress-circleIndeterminate"
          cx="44"
          cy="44"
          fill="none"
          r="20.2"
          stroke-width="3.6"
        />
      </svg>
    </div>
  </div>
</DocumentFragment>
`;
