// Jest Snapshot v1, https://goo.gl/fbAQLP

exports[`Title component should render correctly 1`] = `
<DocumentFragment>
  <h2
    class="MuiTypography-root MuiTypography-h6 MuiTypography-colorPrimary MuiTypography-gutterBottom"
  >
    Test
  </h2>
</DocumentFragment>
`;
