// Jest Snapshot v1, https://goo.gl/fbAQLP

exports[`renders learn react link 1`] = `
<DocumentFragment>
  <div
    class="makeStyles-root-5"
  >
    <header
      class="MuiPaper-root MuiAppBar-root MuiAppBar-positionAbsolute MuiAppBar-colorPrimary MuiPaper-elevation4"
    >
      <div
        class="MuiToolbar-root MuiToolbar-regular MuiToolbar-gutters"
      >
        <h1
          class="MuiTypography-root MuiTypography-h6 MuiTypography-colorInherit MuiTypography-noWrap"
        >
          Covid Tracker
        </h1>
      </div>
    </header>
    <main
      class="makeStyles-content-3"
    >
      <div
        class="makeStyles-appBarSpacer-1"
      />
      <div
        class="MuiContainer-root makeStyles-container-2 MuiContainer-maxWidthLg"
      >
        <div
          class="MuiGrid-root MuiGrid-container MuiGrid-spacing-xs-3"
        >
          <div
            class="MuiGrid-root MuiGrid-item MuiGrid-grid-xs-12 MuiGrid-grid-md-5 MuiGrid-grid-lg-5"
          >
            <h2
              class="MuiTypography-root MuiTypography-h6 MuiTypography-colorPrimary MuiTypography-gutterBottom"
            >
              Search params
            </h2>
            <div>
              <form>
                <div
                  class="MuiFormControl-root makeStyles-formControl-6"
                >
                  <label
                    class="MuiFormLabel-root MuiInputLabel-root MuiInputLabel-formControl MuiInputLabel-animated MuiInputLabel-shrink MuiInputLabel-outlined MuiFormLabel-filled"
                    data-shrink="true"
                    for="country"
                  >
                    Country
                  </label>
                  <div
                    class="MuiInputBase-root MuiOutlinedInput-root Mui-disabled Mui-disabled MuiInputBase-formControl"
                  >
                    <select
                      aria-invalid="false"
                      class="MuiSelect-root MuiSelect-select MuiSelect-outlined MuiInputBase-input MuiOutlinedInput-input Mui-disabled Mui-disabled Mui-disabled"
                      disabled=""
                      id="country"
                    >
                      <option
                        value="USA"
                      >
                        USA
                      </option>
                    </select>
                    <svg
                      aria-hidden="true"
                      class="MuiSvgIcon-root MuiSelect-icon MuiSelect-iconOutlined Mui-disabled"
                      focusable="false"
                      viewBox="0 0 24 24"
                    >
                      <path
                        d="M7 10l5 5 5-5z"
                      />
                    </svg>
                    <fieldset
                      aria-hidden="true"
                      class="PrivateNotchedOutline-root-7 MuiOutlinedInput-notchedOutline"
                    >
                      <legend
                        class="PrivateNotchedOutline-legendLabelled-9 PrivateNotchedOutline-legendNotched-10"
                      >
                        <span>
                          Country
                        </span>
                      </legend>
                    </fieldset>
                  </div>
                </div>
                <div
                  class="MuiFormControl-root makeStyles-formControl-6"
                >
                  <div
                    aria-expanded="false"
                    class="MuiAutocomplete-root MuiAutocomplete-hasClearIcon MuiAutocomplete-hasPopupIcon"
                    role="combobox"
                  >
                    <div
                      class="MuiFormControl-root MuiTextField-root MuiFormControl-fullWidth"
                    >
                      <label
                        class="MuiFormLabel-root MuiInputLabel-root MuiInputLabel-formControl MuiInputLabel-animated MuiInputLabel-outlined"
                        data-shrink="false"
                        for="state"
                        id="state-label"
                      >
                        State
                      </label>
                      <div
                        class="MuiInputBase-root MuiOutlinedInput-root MuiAutocomplete-inputRoot MuiInputBase-fullWidth MuiInputBase-formControl MuiInputBase-adornedEnd MuiOutlinedInput-adornedEnd"
                      >
                        <input
                          aria-autocomplete="list"
                          aria-invalid="false"
                          autocapitalize="none"
                          autocomplete="off"
                          class="MuiInputBase-input MuiOutlinedInput-input MuiAutocomplete-input MuiAutocomplete-inputFocused MuiInputBase-inputAdornedEnd MuiOutlinedInput-inputAdornedEnd"
                          id="state"
                          spellcheck="false"
                          type="text"
                          value=""
                        />
                        <div
                          class="MuiAutocomplete-endAdornment"
                        >
                          <button
                            aria-label="Clear"
                            class="MuiButtonBase-root MuiIconButton-root MuiAutocomplete-clearIndicator"
                            tabindex="-1"
                            title="Clear"
                            type="button"
                          >
                            <span
                              class="MuiIconButton-label"
                            >
                              <svg
                                aria-hidden="true"
                                class="MuiSvgIcon-root MuiSvgIcon-fontSizeSmall"
                                focusable="false"
                                viewBox="0 0 24 24"
                              >
                                <path
                                  d="M19 6.41L17.59 5 12 10.59 6.41 5 5 6.41 10.59 12 5 17.59 6.41 19 12 13.41 17.59 19 19 17.59 13.41 12z"
                                />
                              </svg>
                            </span>
                            <span
                              class="MuiTouchRipple-root"
                            />
                          </button>
                          <button
                            aria-label="Open"
                            class="MuiButtonBase-root MuiIconButton-root MuiAutocomplete-popupIndicator"
                            tabindex="-1"
                            title="Open"
                            type="button"
                          >
                            <span
                              class="MuiIconButton-label"
                            >
                              <svg
                                aria-hidden="true"
                                class="MuiSvgIcon-root"
                                focusable="false"
                                viewBox="0 0 24 24"
                              >
                                <path
                                  d="M7 10l5 5 5-5z"
                                />
                              </svg>
                            </span>
                            <span
                              class="MuiTouchRipple-root"
                            />
                          </button>
                        </div>
                        <fieldset
                          aria-hidden="true"
                          class="PrivateNotchedOutline-root-7 MuiOutlinedInput-notchedOutline"
                        >
                          <legend
                            class="PrivateNotchedOutline-legendLabelled-9"
                          >
                            <span>
                              State
                            </span>
                          </legend>
                        </fieldset>
                      </div>
                    </div>
                  </div>
                </div>
                <div
                  class="MuiFormControl-root makeStyles-formControl-6"
                >
                  <label
                    class="MuiFormLabel-root MuiInputLabel-root MuiInputLabel-formControl MuiInputLabel-animated MuiInputLabel-shrink MuiInputLabel-outlined MuiFormLabel-filled"
                    data-shrink="true"
                    for="country"
                  >
                    Period
                  </label>
                  <div
                    class="MuiInputBase-root MuiOutlinedInput-root MuiInputBase-formControl"
                  >
                    <select
                      aria-invalid="false"
                      class="MuiSelect-root MuiSelect-select MuiSelect-outlined MuiInputBase-input MuiOutlinedInput-input"
                      id="period"
                    >
                      <option
                        value="7"
                      >
                        last 7 days
                      </option>
                      <option
                        value="30"
                      >
                        last 1 month
                      </option>
                      <option
                        value="1000"
                      >
                        all time
                      </option>
                    </select>
                    <svg
                      aria-hidden="true"
                      class="MuiSvgIcon-root MuiSelect-icon MuiSelect-iconOutlined"
                      focusable="false"
                      viewBox="0 0 24 24"
                    >
                      <path
                        d="M7 10l5 5 5-5z"
                      />
                    </svg>
                    <fieldset
                      aria-hidden="true"
                      class="PrivateNotchedOutline-root-7 MuiOutlinedInput-notchedOutline"
                    >
                      <legend
                        class="PrivateNotchedOutline-legendLabelled-9 PrivateNotchedOutline-legendNotched-10"
                      >
                        <span>
                          Period
                        </span>
                      </legend>
                    </fieldset>
                  </div>
                </div>
              </form>
            </div>
          </div>
          <div
            class="MuiGrid-root MuiGrid-item MuiGrid-grid-xs-12"
          >
            <div
              class="MuiPaper-root makeStyles-paper-4 MuiPaper-elevation1 MuiPaper-rounded"
            >
              <h2
                class="MuiTypography-root MuiTypography-h6 MuiTypography-colorPrimary MuiTypography-gutterBottom"
              >
                Results
              </h2>
              <div
                class="makeStyles-root-12"
              >
                <div
                  class="MuiCircularProgress-root MuiCircularProgress-colorPrimary MuiCircularProgress-indeterminate"
                  role="progressbar"
                  style="width: 40px; height: 40px;"
                >
                  <svg
                    class="MuiCircularProgress-svg"
                    viewBox="22 22 44 44"
                  >
                    <circle
                      class="MuiCircularProgress-circle MuiCircularProgress-circleIndeterminate"
                      cx="44"
                      cy="44"
                      fill="none"
                      r="20.2"
                      stroke-width="3.6"
                    />
                  </svg>
                </div>
              </div>
            </div>
          </div>
        </div>
      </div>
    </main>
  </div>
</DocumentFragment>
`;
